<html>
<body>
<pre>
<h1>µVision Build Log</h1>
<h2>Project:</h2>
Z:\sourcetree\designspeck_dora\arm\gzll_device_ack_payload.uvproj
Project File Date:  04/30/2013

<h2>Output:</h2>
Build target 'nrf51822_xxaa (256K)'
creating preprocessor file for main_device_ack_payload.c...
..\main_device_ack_payload.c(34): error:  #5: cannot open source input file "nrf_gzll.h": No such file or directory
compiling main_device_ack_payload.c...
..\main_device_ack_payload.c(34): error:  #5: cannot open source input file "nrf_gzll.h": No such file or directory
assembling arm_startup_nrf51.s...
arm_startup_nrf51.s: error: A1023E: File "..\..\..\..\..\Source\templates\arm\arm_startup_nrf51.s" could not be opened: No such file or directory
Target not created
Build target 'nrf51822_xxaa (256K)'
creating preprocessor file for main_device_ack_payload.c...
compiling main_device_ack_payload.c...
assembling arm_startup_nrf51.s...
creating preprocessor file for system_nrf51.c...
compiling system_nrf51.c...
linking...
Program Size: Code=9968 RO-data=256 RW-data=96 ZI-data=2968  
FromELF: creating hex file...
".\_build\gzll_device_ack_payload.axf" - 0 Error(s), 0 Warning(s).
Load "Z:\\sourcetree\\designspeck_dora\\arm\\_build\\gzll_device_ack_payload.AXF" 
Set JLink Project File to "Z:\sourcetree\designspeck_dora\arm\JLinkSettings.ini"
* JLink Info: Device "NRF51822_XXAA" selected (257 KB flash, 8 KB RAM).
 
JLink info:
------------
DLL: V4.66a, compiled Mar 25 2013 09:44:16
Firmware: J-Link ARM V8 compiled Nov 14 2012 22:34:52
Hardware: V8.00
S/N : 268002540 
OEM : SEGGER-EDU 
Feature(s) : FlashBP, GDB 
 
* JLink Info: Found SWD-DP with ID 0x0BB11477
* JLink Info: FPUnit: 4 code (BP) slots and 0 literal slots
* JLink Info: Found Cortex-M0 r0p0, Little endian.
ROMTableAddr = 0xE00FF003
 
Target info:
------------
Device: nRF51822_xxAA
VTarget = 1.785V
State of Pins: 
TCK: 0, TDI: 0, TDO: 0, TMS: 1, TRES: 1, TRST: 0
Hardware-Breakpoints: 4
Software-Breakpoints: 8192
Watchpoints:          2
JTAG speed: 1000 kHz
 
Erase Done.
Programming Failed!
Load "Z:\\sourcetree\\designspeck_dora\\arm\\_build\\gzll_device_ack_payload.AXF" 
Set JLink Project File to "Z:\sourcetree\designspeck_dora\arm\JLinkSettings.ini"
* JLink Info: Device "NRF51822_XXAA" selected (257 KB flash, 8 KB RAM).
 
JLink info:
------------
DLL: V4.66a, compiled Mar 25 2013 09:44:16
Firmware: J-Link ARM V8 compiled Nov 14 2012 22:34:52
Hardware: V8.00
S/N : 268002540 
OEM : SEGGER-EDU 
Feature(s) : FlashBP, GDB 
 
* JLink Info: Found SWD-DP with ID 0x0BB11477
* JLink Info: FPUnit: 4 code (BP) slots and 0 literal slots
* JLink Info: Found Cortex-M0 r0p0, Little endian.
ROMTableAddr = 0xE00FF003
 
Target info:
------------
Device: nRF51822_xxAA
VTarget = 1.785V
State of Pins: 
TCK: 0, TDI: 0, TDO: 0, TMS: 1, TRES: 1, TRST: 0
Hardware-Breakpoints: 4
Software-Breakpoints: 8192
Watchpoints:          2
JTAG speed: 1000 kHz
 
Erase Done.
Programming Done.
Verify OK.
Application running ...
Load "Z:\\sourcetree\\designspeck_dora\\arm\\_build\\gzll_device_ack_payload.AXF" 
Set JLink Project File to "Z:\sourcetree\designspeck_dora\arm\JLinkSettings.ini"
* JLink Info: Device "NRF51822_XXAA" selected (257 KB flash, 8 KB RAM).
 
JLink info:
------------
DLL: V4.66a, compiled Mar 25 2013 09:44:16
Firmware: J-Link ARM V8 compiled Nov 14 2012 22:34:52
Hardware: V8.00
S/N : 268002540 
OEM : SEGGER-EDU 
Feature(s) : FlashBP, GDB 
 
* JLink Info: Found SWD-DP with ID 0x0BB11477
* JLink Info: FPUnit: 4 code (BP) slots and 0 literal slots
* JLink Info: Found Cortex-M0 r0p0, Little endian.
ROMTableAddr = 0xE00FF003
 
Target info:
------------
Device: nRF51822_xxAA
VTarget = 1.785V
State of Pins: 
TCK: 0, TDI: 0, TDO: 0, TMS: 1, TRES: 1, TRST: 0
Hardware-Breakpoints: 4
Software-Breakpoints: 8192
Watchpoints:          2
JTAG speed: 1000 kHz
 
Erase Done.
Programming Done.
Verify OK.
Application running ...
